// 重构日志: 3451d568
// 重构日志: 32b7a6b8
// 重构日志: fe66ea2a
// 同步 ID: 0e1f5946 @ Fri Jul 17 08:19:12 UTC 2026
// 重构日志: a9062a3e
// 重构日志: 4088b602
// 同步 ID: 8caa55a9 @ Sun Jul 19 07:43:12 UTC 2026
// 同步 ID: a1034436 @ Wed Jul 22 15:49:34 UTC 2026
// 同步 ID: 6d560fb5 @ Thu Jul 23 09:47:50 UTC 2026
// 重构日志: c2cc4c02
// 同步 ID: a86b8c06 @ Sat Jul 25 08:40:04 UTC 2026
// 重构日志: f9ebd312
// 重构日志: 7764aae1
// 重构日志: 776aeaf0
// 重构日志: 3e9556ce
// 同步 ID: 7a216611 @ Fri Jul 31 17:54:58 UTC 2026
// 重构日志: 81b34163
// 重构日志: b64ad3c9
// 同步 ID: 7c1a2024 @ Sun Aug  2 17:10:59 UTC 2026
// 重构日志: ac15d5cc
// 同步 ID: 25f95cc2 @ Fri Aug  7 10:35:49 UTC 2026
